// compile-flags: -Zprint-desugared-specs -Zprint-typeckd-specs -Zskip-verify -Zhide-uuids
// normalize-stdout-test: "[a-z0-9]{32}" -> "$(NUM_UUID)"
// normalize-stdout-test: "[a-z0-9]{8}-[a-z0-9]{4}-[a-z0-9]{4}-[a-z0-9]{4}-[a-z0-9]{12}" -> "$(UUID)"

#![feature(register_tool)]
#![register_tool(prusti)]
#[prelude_import]
use std::prelude::v1::*;
#[macro_use]
extern crate std;

use prusti_contracts::*;

#[prusti::spec_only]
#[prusti::spec_id = "$(NUM_UUID)"]
#[prusti::assertion =
  "{/"kind/":{/"Implies/":[{/"kind/":{/"And/":[{/"kind/":{/"Expr/":{/"spec_id/":/"$(UUID)/",/"expr_id/":101}}},{/"kind/":{/"Expr/":{/"spec_id/":/"$(UUID)/",/"expr_id/":102}}}]}},{/"kind/":{/"And/":[{/"kind/":{/"Expr/":{/"spec_id/":/"$(UUID)/",/"expr_id/":103}}},{/"kind/":{/"Expr/":{/"spec_id/":/"$(UUID)/",/"expr_id/":104}}}]}}]}}"]
fn prusti_pre_item_test1_$(NUM_UUID)() {

    #[prusti::expr_id = "$(NUM_UUID)_101"]
    || -> bool { true };

    #[prusti::expr_id = "$(NUM_UUID)_102"]
    || -> bool { true };

    #[prusti::expr_id = "$(NUM_UUID)_103"]
    || -> bool { true };

    #[prusti::expr_id = "$(NUM_UUID)_104"]
    || -> bool { true };
}
#[prusti::pre_spec_id_ref = "$(NUM_UUID)"]
fn test1() { }

#[prusti::spec_only]
#[prusti::spec_id = "$(NUM_UUID)"]
#[prusti::assertion =
  "{/"kind/":{/"And/":[{/"kind/":{/"Expr/":{/"spec_id/":/"$(UUID)/",/"expr_id/":101}}},{/"kind/":{/"Implies/":[{/"kind/":{/"Expr/":{/"spec_id/":/"$(UUID)/",/"expr_id/":102}}},{/"kind/":{/"Expr/":{/"spec_id/":/"$(UUID)/",/"expr_id/":103}}}]}},{/"kind/":{/"Expr/":{/"spec_id/":/"$(UUID)/",/"expr_id/":104}}},{/"kind/":{/"Expr/":{/"spec_id/":/"$(UUID)/",/"expr_id/":105}}}]}}"]
fn prusti_pre_item_test2_$(NUM_UUID)() {

    #[prusti::expr_id = "$(NUM_UUID)_101"]
    || -> bool { true };

    #[prusti::expr_id = "$(NUM_UUID)_102"]
    || -> bool { true };

    #[prusti::expr_id = "$(NUM_UUID)_103"]
    || -> bool { true };

    #[prusti::expr_id = "$(NUM_UUID)_104"]
    || -> bool { true || true };

    #[prusti::expr_id = "$(NUM_UUID)_105"]
    || -> bool { true };
}
#[prusti::pre_spec_id_ref = "$(NUM_UUID)"]
fn test2() { }

#[prusti::spec_only]
#[prusti::spec_id = "$(NUM_UUID)"]
#[prusti::assertion =
  "{/"kind/":{/"Implies/":[{/"kind/":{/"And/":[{/"kind/":{/"Expr/":{/"spec_id/":/"$(UUID)/",/"expr_id/":101}}},{/"kind/":{/"Expr/":{/"spec_id/":/"$(UUID)/",/"expr_id/":102}}}]}},{/"kind/":{/"Expr/":{/"spec_id/":/"$(UUID)/",/"expr_id/":103}}}]}}"]
fn prusti_pre_item_test3_$(NUM_UUID)() {

    #[prusti::expr_id = "$(NUM_UUID)_101"]
    || -> bool { true };

    #[prusti::expr_id = "$(NUM_UUID)_102"]
    || -> bool { true };

    #[prusti::expr_id = "$(NUM_UUID)_103"]
    || -> bool { true };
}
#[prusti::pre_spec_id_ref = "$(NUM_UUID)"]
fn test3() { }

#[prusti::spec_only]
#[prusti::spec_id = "$(NUM_UUID)"]
#[prusti::assertion =
  "{/"kind/":{/"Implies/":[{/"kind/":{/"And/":[{/"kind/":{/"Implies/":[{/"kind/":{/"Expr/":{/"spec_id/":/"$(UUID)/",/"expr_id/":101}}},{/"kind/":{/"Expr/":{/"spec_id/":/"$(UUID)/",/"expr_id/":102}}}]}},{/"kind/":{/"Expr/":{/"spec_id/":/"$(UUID)/",/"expr_id/":103}}}]}},{/"kind/":{/"Expr/":{/"spec_id/":/"$(UUID)/",/"expr_id/":104}}}]}}"]
fn prusti_pre_item_test4_$(NUM_UUID)() {

    #[prusti::expr_id = "$(NUM_UUID)_101"]
    || -> bool { true };

    #[prusti::expr_id = "$(NUM_UUID)_102"]
    || -> bool { true };

    #[prusti::expr_id = "$(NUM_UUID)_103"]
    || -> bool { true };

    #[prusti::expr_id = "$(NUM_UUID)_104"]
    || -> bool { true };
}
#[prusti::pre_spec_id_ref = "$(NUM_UUID)"]
fn test4() { }

#[prusti::spec_only]
#[prusti::spec_id = "$(NUM_UUID)"]
#[prusti::assertion =
  "{/"kind/":{/"And/":[{/"kind/":{/"Implies/":[{/"kind/":{/"Expr/":{/"spec_id/":/"$(UUID)/",/"expr_id/":101}}},{/"kind/":{/"Expr/":{/"spec_id/":/"$(UUID)/",/"expr_id/":102}}}]}},{/"kind/":{/"Implies/":[{/"kind/":{/"Expr/":{/"spec_id/":/"$(UUID)/",/"expr_id/":103}}},{/"kind/":{/"And/":[{/"kind/":{/"Expr/":{/"spec_id/":/"$(UUID)/",/"expr_id/":104}}},{/"kind/":{/"Expr/":{/"spec_id/":/"$(UUID)/",/"expr_id/":105}}}]}}]}}]}}"]
fn prusti_pre_item_test5_$(NUM_UUID)() {

    #[prusti::expr_id = "$(NUM_UUID)_101"]
    || -> bool { true };

    #[prusti::expr_id = "$(NUM_UUID)_102"]
    || -> bool { true };

    #[prusti::expr_id = "$(NUM_UUID)_103"]
    || -> bool { true };

    #[prusti::expr_id = "$(NUM_UUID)_104"]
    || -> bool { true };

    #[prusti::expr_id = "$(NUM_UUID)_105"]
    || -> bool { true || true };
}
#[prusti::pre_spec_id_ref = "$(NUM_UUID)"]
fn test5() { }

#[prusti::spec_only]
#[prusti::spec_id = "$(NUM_UUID)"]
#[prusti::assertion =
  "{/"kind/":{/"Implies/":[{/"kind/":{/"And/":[{/"kind/":{/"Expr/":{/"spec_id/":/"$(UUID)/",/"expr_id/":101}}},{/"kind/":{/"Expr/":{/"spec_id/":/"$(UUID)/",/"expr_id/":102}}}]}},{/"kind/":{/"Implies/":[{/"kind/":{/"Expr/":{/"spec_id/":/"$(UUID)/",/"expr_id/":103}}},{/"kind/":{/"Implies/":[{/"kind/":{/"Expr/":{/"spec_id/":/"$(UUID)/",/"expr_id/":104}}},{/"kind/":{/"Implies/":[{/"kind/":{/"Expr/":{/"spec_id/":/"$(UUID)/",/"expr_id/":105}}},{/"kind/":{/"Expr/":{/"spec_id/":/"$(UUID)/",/"expr_id/":106}}}]}}]}}]}}]}}"]
fn prusti_pre_item_test6_$(NUM_UUID)() {

    #[prusti::expr_id = "$(NUM_UUID)_101"]
    || -> bool { true };

    #[prusti::expr_id = "$(NUM_UUID)_102"]
    || -> bool { true };

    #[prusti::expr_id = "$(NUM_UUID)_103"]
    || -> bool { true };

    #[prusti::expr_id = "$(NUM_UUID)_104"]
    || -> bool { true };

    #[prusti::expr_id = "$(NUM_UUID)_105"]
    || -> bool { true };

    #[prusti::expr_id = "$(NUM_UUID)_106"]
    || -> bool { true };
}
#[prusti::pre_spec_id_ref = "$(NUM_UUID)"]
fn test6() { }

#[prusti::spec_only]
#[prusti::spec_id = "$(NUM_UUID)"]
#[prusti::assertion =
  "{/"kind/":{/"Implies/":[{/"kind/":{/"And/":[{/"kind/":{/"Expr/":{/"spec_id/":/"$(UUID)/",/"expr_id/":101}}},{/"kind/":{/"Expr/":{/"spec_id/":/"$(UUID)/",/"expr_id/":102}}}]}},{/"kind/":{/"Implies/":[{/"kind/":{/"And/":[{/"kind/":{/"Expr/":{/"spec_id/":/"$(UUID)/",/"expr_id/":103}}},{/"kind/":{/"Expr/":{/"spec_id/":/"$(UUID)/",/"expr_id/":104}}}]}},{/"kind/":{/"And/":[{/"kind/":{/"Expr/":{/"spec_id/":/"$(UUID)/",/"expr_id/":105}}},{/"kind/":{/"Expr/":{/"spec_id/":/"$(UUID)/",/"expr_id/":106}}}]}}]}}]}}"]
fn prusti_pre_item_test7_$(NUM_UUID)() {

    #[prusti::expr_id = "$(NUM_UUID)_101"]
    || -> bool { true };

    #[prusti::expr_id = "$(NUM_UUID)_102"]
    || -> bool { true };

    #[prusti::expr_id = "$(NUM_UUID)_103"]
    || -> bool { true };

    #[prusti::expr_id = "$(NUM_UUID)_104"]
    || -> bool { true };

    #[prusti::expr_id = "$(NUM_UUID)_105"]
    || -> bool { true };

    #[prusti::expr_id = "$(NUM_UUID)_106"]
    || -> bool { true };
}
#[prusti::pre_spec_id_ref = "$(NUM_UUID)"]
fn test7() { }

#[prusti::spec_only]
#[prusti::spec_id = "$(NUM_UUID)"]
#[prusti::assertion =
  "{/"kind/":{/"Implies/":[{/"kind/":{/"Expr/":{/"spec_id/":/"$(UUID)/",/"expr_id/":101}}},{/"kind/":{/"Expr/":{/"spec_id/":/"$(UUID)/",/"expr_id/":102}}}]}}"]
fn prusti_pre_item_test8_$(NUM_UUID)() {

    #[prusti::expr_id = "$(NUM_UUID)_101"]
    || -> bool { true || true };

    #[prusti::expr_id = "$(NUM_UUID)_102"]
    || -> bool { true || true };
}
#[prusti::pre_spec_id_ref = "$(NUM_UUID)"]
fn test8() { }

#[prusti::spec_only]
#[prusti::spec_id = "$(NUM_UUID)"]
#[prusti::assertion =
  "{/"kind/":{/"Implies/":[{/"kind/":{/"Expr/":{/"spec_id/":/"$(UUID)/",/"expr_id/":101}}},{/"kind/":{/"Expr/":{/"spec_id/":/"$(UUID)/",/"expr_id/":102}}}]}}"]
fn prusti_pre_item_test9_$(NUM_UUID)() {

    #[prusti::expr_id = "$(NUM_UUID)_101"]
    || -> bool { true || true };

    #[prusti::expr_id = "$(NUM_UUID)_102"]
    || -> bool { true || (true && (true || true)) };
}
#[prusti::pre_spec_id_ref = "$(NUM_UUID)"]
fn test9() { }

#[prusti::spec_only]
#[prusti::spec_id = "$(NUM_UUID)"]
#[prusti::assertion =
  "{/"kind/":{/"And/":[{/"kind/":{/"Expr/":{/"spec_id/":/"$(UUID)/",/"expr_id/":101}}},{/"kind/":{/"ForAll/":[{/"spec_id/":/"$(UUID)/",/"expr_id/":102,/"count/":1},{/"kind/":{/"Expr/":{/"spec_id/":/"$(UUID)/",/"expr_id/":103}}},[]]}}]}}"]
fn prusti_pre_item_test10_$(NUM_UUID)() {

    #[prusti::expr_id = "$(NUM_UUID)_101"]
    || -> bool { true };

    #[prusti::expr_id = "$(NUM_UUID)_102"]
    |a: i32|
        {

            #[prusti::expr_id = "$(NUM_UUID)_103"]
            || -> bool { a == 5 };
        };
}
#[prusti::pre_spec_id_ref = "$(NUM_UUID)"]
fn test10() { }

#[prusti::spec_only]
#[prusti::spec_id = "$(NUM_UUID)"]
#[prusti::assertion =
  "{/"kind/":{/"And/":[{/"kind/":{/"Expr/":{/"spec_id/":/"$(UUID)/",/"expr_id/":101}}},{/"kind/":{/"ForAll/":[{/"spec_id/":/"$(UUID)/",/"expr_id/":102,/"count/":1},{/"kind/":{/"Expr/":{/"spec_id/":/"$(UUID)/",/"expr_id/":103}}},[]]}}]}}"]
fn prusti_pre_item_test11_$(NUM_UUID)() {

    #[prusti::expr_id = "$(NUM_UUID)_101"]
    || -> bool { true };

    #[prusti::expr_id = "$(NUM_UUID)_102"]
    |a: i32|
        {

            #[prusti::expr_id = "$(NUM_UUID)_103"]
            || -> bool { a == 5 };
        };
}
#[prusti::pre_spec_id_ref = "$(NUM_UUID)"]
fn test11() { }

#[prusti::spec_only]
#[prusti::spec_id = "$(NUM_UUID)"]
#[prusti::assertion =
  "{/"kind/":{/"ForAll/":[{/"spec_id/":/"$(UUID)/",/"expr_id/":101,/"count/":1},{/"kind/":{/"Expr/":{/"spec_id/":/"$(UUID)/",/"expr_id/":102}}},[]]}}"]
fn prusti_pre_item_test12_$(NUM_UUID)() {

    #[prusti::expr_id = "$(NUM_UUID)_101"]
    |a: i32|
        {

            #[prusti::expr_id = "$(NUM_UUID)_102"]
            || -> bool { a == 5 };
        };
}
#[prusti::pre_spec_id_ref = "$(NUM_UUID)"]
fn test12() { }

#[prusti::spec_only]
#[prusti::spec_id = "$(NUM_UUID)"]
#[prusti::assertion =
  "{/"kind/":{/"Implies/":[{/"kind/":{/"Expr/":{/"spec_id/":/"$(UUID)/",/"expr_id/":101}}},{/"kind/":{/"Implies/":[{/"kind/":{/"ForAll/":[{/"spec_id/":/"$(UUID)/",/"expr_id/":102,/"count/":1},{/"kind/":{/"Expr/":{/"spec_id/":/"$(UUID)/",/"expr_id/":103}}},[]]}},{/"kind/":{/"Expr/":{/"spec_id/":/"$(UUID)/",/"expr_id/":104}}}]}}]}}"]
fn prusti_pre_item_test13_$(NUM_UUID)() {

    #[prusti::expr_id = "$(NUM_UUID)_101"]
    || -> bool { true };

    #[prusti::expr_id = "$(NUM_UUID)_102"]
    |a: i32|
        {

            #[prusti::expr_id = "$(NUM_UUID)_103"]
            || -> bool { a == 5 };
        };

    #[prusti::expr_id = "$(NUM_UUID)_104"]
    || -> bool { true };
}
#[prusti::pre_spec_id_ref = "$(NUM_UUID)"]
fn test13() { }

#[prusti::spec_only]
#[prusti::spec_id = "$(NUM_UUID)"]
#[prusti::assertion =
  "{/"kind/":{/"Implies/":[{/"kind/":{/"Expr/":{/"spec_id/":/"$(UUID)/",/"expr_id/":101}}},{/"kind/":{/"ForAll/":[{/"spec_id/":/"$(UUID)/",/"expr_id/":102,/"count/":1},{/"kind/":{/"Expr/":{/"spec_id/":/"$(UUID)/",/"expr_id/":103}}},[]]}}]}}"]
fn prusti_pre_item_test14_$(NUM_UUID)() {

    #[prusti::expr_id = "$(NUM_UUID)_101"]
    || -> bool { true };

    #[prusti::expr_id = "$(NUM_UUID)_102"]
    |a: i32|
        {

            #[prusti::expr_id = "$(NUM_UUID)_103"]
            || -> bool { a == 5 };
        };
}
#[prusti::pre_spec_id_ref = "$(NUM_UUID)"]
fn test14() { }

#[prusti::spec_only]
#[prusti::spec_id = "$(NUM_UUID)"]
#[prusti::assertion =
  "{/"kind/":{/"Implies/":[{/"kind/":{/"ForAll/":[{/"spec_id/":/"$(UUID)/",/"expr_id/":101,/"count/":1},{/"kind/":{/"Expr/":{/"spec_id/":/"$(UUID)/",/"expr_id/":102}}},[]]}},{/"kind/":{/"Expr/":{/"spec_id/":/"$(UUID)/",/"expr_id/":103}}}]}}"]
fn prusti_pre_item_test15_$(NUM_UUID)() {

    #[prusti::expr_id = "$(NUM_UUID)_101"]
    |a: i32|
        {

            #[prusti::expr_id = "$(NUM_UUID)_102"]
            || -> bool { a == 5 };
        };

    #[prusti::expr_id = "$(NUM_UUID)_103"]
    || -> bool { true };
}
#[prusti::pre_spec_id_ref = "$(NUM_UUID)"]
fn test15() { }

#[prusti::spec_only]
#[prusti::spec_id = "$(NUM_UUID)"]
#[prusti::assertion =
  "{/"kind/":{/"Implies/":[{/"kind/":{/"ForAll/":[{/"spec_id/":/"$(UUID)/",/"expr_id/":101,/"count/":1},{/"kind/":{/"Expr/":{/"spec_id/":/"$(UUID)/",/"expr_id/":102}}},[]]}},{/"kind/":{/"ForAll/":[{/"spec_id/":/"$(UUID)/",/"expr_id/":103,/"count/":1},{/"kind/":{/"Expr/":{/"spec_id/":/"$(UUID)/",/"expr_id/":104}}},[]]}}]}}"]
fn prusti_pre_item_test16_$(NUM_UUID)() {

    #[prusti::expr_id = "$(NUM_UUID)_101"]
    |a: i32|
        {

            #[prusti::expr_id = "$(NUM_UUID)_102"]
            || -> bool { a == 5 };
        };

    #[prusti::expr_id = "$(NUM_UUID)_103"]
    |a: i32|
        {

            #[prusti::expr_id = "$(NUM_UUID)_104"]
            || -> bool { a == 5 };
        };
}
#[prusti::pre_spec_id_ref = "$(NUM_UUID)"]
fn test16() { }

fn main() { }
Procedure(ProcedureSpecification { pres: [Assertion { kind: ForAll(ForAllVars { spec_id: SpecificationId($(UUID)), id: ExpressionId(101), vars: [] }, TriggerSet([]), Assertion { kind: Expr(Expression { spec_id: SpecificationId($(UUID)), id: ExpressionId(102), expr: BodyId { hir_id: HirId { owner: DefId(0:70 ~ composite[317d]::prusti_pre_item_test12_$(NUM_UUID)[0]), local_id: 12 } } }) }) }], posts: [] })
Procedure(ProcedureSpecification { pres: [Assertion { kind: Implies(Assertion { kind: Expr(Expression { spec_id: SpecificationId($(UUID)), id: ExpressionId(101), expr: BodyId { hir_id: HirId { owner: DefId(0:52 ~ composite[317d]::prusti_pre_item_test8_$(NUM_UUID)[0]), local_id: 7 } } }) }, Assertion { kind: Expr(Expression { spec_id: SpecificationId($(UUID)), id: ExpressionId(102), expr: BodyId { hir_id: HirId { owner: DefId(0:52 ~ composite[317d]::prusti_pre_item_test8_$(NUM_UUID)[0]), local_id: 16 } } }) }) }], posts: [] })
Procedure(ProcedureSpecification { pres: [Assertion { kind: Implies(Assertion { kind: Expr(Expression { spec_id: SpecificationId($(UUID)), id: ExpressionId(101), expr: BodyId { hir_id: HirId { owner: DefId(0:56 ~ composite[317d]::prusti_pre_item_test9_$(NUM_UUID)[0]), local_id: 7 } } }) }, Assertion { kind: Expr(Expression { spec_id: SpecificationId($(UUID)), id: ExpressionId(102), expr: BodyId { hir_id: HirId { owner: DefId(0:56 ~ composite[317d]::prusti_pre_item_test9_$(NUM_UUID)[0]), local_id: 20 } } }) }) }], posts: [] })
Procedure(ProcedureSpecification { pres: [Assertion { kind: And([Assertion { kind: Expr(Expression { spec_id: SpecificationId($(UUID)), id: ExpressionId(101), expr: BodyId { hir_id: HirId { owner: DefId(0:60 ~ composite[317d]::prusti_pre_item_test10_$(NUM_UUID)[0]), local_id: 6 } } }) }, Assertion { kind: ForAll(ForAllVars { spec_id: SpecificationId($(UUID)), id: ExpressionId(102), vars: [] }, TriggerSet([]), Assertion { kind: Expr(Expression { spec_id: SpecificationId($(UUID)), id: ExpressionId(103), expr: BodyId { hir_id: HirId { owner: DefId(0:60 ~ composite[317d]::prusti_pre_item_test10_$(NUM_UUID)[0]), local_id: 19 } } }) }) }]) }], posts: [] })
Procedure(ProcedureSpecification { pres: [Assertion { kind: And([Assertion { kind: Expr(Expression { spec_id: SpecificationId($(UUID)), id: ExpressionId(101), expr: BodyId { hir_id: HirId { owner: DefId(0:65 ~ composite[317d]::prusti_pre_item_test11_$(NUM_UUID)[0]), local_id: 6 } } }) }, Assertion { kind: ForAll(ForAllVars { spec_id: SpecificationId($(UUID)), id: ExpressionId(102), vars: [] }, TriggerSet([]), Assertion { kind: Expr(Expression { spec_id: SpecificationId($(UUID)), id: ExpressionId(103), expr: BodyId { hir_id: HirId { owner: DefId(0:65 ~ composite[317d]::prusti_pre_item_test11_$(NUM_UUID)[0]), local_id: 19 } } }) }) }]) }], posts: [] })
Procedure(ProcedureSpecification { pres: [Assertion { kind: Implies(Assertion { kind: Expr(Expression { spec_id: SpecificationId($(UUID)), id: ExpressionId(101), expr: BodyId { hir_id: HirId { owner: DefId(0:80 ~ composite[317d]::prusti_pre_item_test14_$(NUM_UUID)[0]), local_id: 6 } } }) }, Assertion { kind: ForAll(ForAllVars { spec_id: SpecificationId($(UUID)), id: ExpressionId(102), vars: [] }, TriggerSet([]), Assertion { kind: Expr(Expression { spec_id: SpecificationId($(UUID)), id: ExpressionId(103), expr: BodyId { hir_id: HirId { owner: DefId(0:80 ~ composite[317d]::prusti_pre_item_test14_$(NUM_UUID)[0]), local_id: 19 } } }) }) }) }], posts: [] })
Procedure(ProcedureSpecification { pres: [Assertion { kind: Implies(Assertion { kind: ForAll(ForAllVars { spec_id: SpecificationId($(UUID)), id: ExpressionId(101), vars: [] }, TriggerSet([]), Assertion { kind: Expr(Expression { spec_id: SpecificationId($(UUID)), id: ExpressionId(102), expr: BodyId { hir_id: HirId { owner: DefId(0:85 ~ composite[317d]::prusti_pre_item_test15_$(NUM_UUID)[0]), local_id: 12 } } }) }) }, Assertion { kind: Expr(Expression { spec_id: SpecificationId($(UUID)), id: ExpressionId(103), expr: BodyId { hir_id: HirId { owner: DefId(0:85 ~ composite[317d]::prusti_pre_item_test15_$(NUM_UUID)[0]), local_id: 23 } } }) }) }], posts: [] })
Procedure(ProcedureSpecification { pres: [Assertion { kind: Implies(Assertion { kind: And([Assertion { kind: Expr(Expression { spec_id: SpecificationId($(UUID)), id: ExpressionId(101), expr: BodyId { hir_id: HirId { owner: DefId(0:18 ~ composite[317d]::prusti_pre_item_test3_$(NUM_UUID)[0]), local_id: 5 } } }) }, Assertion { kind: Expr(Expression { spec_id: SpecificationId($(UUID)), id: ExpressionId(102), expr: BodyId { hir_id: HirId { owner: DefId(0:18 ~ composite[317d]::prusti_pre_item_test3_$(NUM_UUID)[0]), local_id: 12 } } }) }]) }, Assertion { kind: Expr(Expression { spec_id: SpecificationId($(UUID)), id: ExpressionId(103), expr: BodyId { hir_id: HirId { owner: DefId(0:18 ~ composite[317d]::prusti_pre_item_test3_$(NUM_UUID)[0]), local_id: 19 } } }) }) }], posts: [] })
Procedure(ProcedureSpecification { pres: [Assertion { kind: Implies(Assertion { kind: ForAll(ForAllVars { spec_id: SpecificationId($(UUID)), id: ExpressionId(101), vars: [] }, TriggerSet([]), Assertion { kind: Expr(Expression { spec_id: SpecificationId($(UUID)), id: ExpressionId(102), expr: BodyId { hir_id: HirId { owner: DefId(0:90 ~ composite[317d]::prusti_pre_item_test16_$(NUM_UUID)[0]), local_id: 13 } } }) }) }, Assertion { kind: ForAll(ForAllVars { spec_id: SpecificationId($(UUID)), id: ExpressionId(103), vars: [] }, TriggerSet([]), Assertion { kind: Expr(Expression { spec_id: SpecificationId($(UUID)), id: ExpressionId(104), expr: BodyId { hir_id: HirId { owner: DefId(0:90 ~ composite[317d]::prusti_pre_item_test16_$(NUM_UUID)[0]), local_id: 30 } } }) }) }) }], posts: [] })
Procedure(ProcedureSpecification { pres: [Assertion { kind: Implies(Assertion { kind: Expr(Expression { spec_id: SpecificationId($(UUID)), id: ExpressionId(101), expr: BodyId { hir_id: HirId { owner: DefId(0:74 ~ composite[317d]::prusti_pre_item_test13_$(NUM_UUID)[0]), local_id: 6 } } }) }, Assertion { kind: Implies(Assertion { kind: ForAll(ForAllVars { spec_id: SpecificationId($(UUID)), id: ExpressionId(102), vars: [] }, TriggerSet([]), Assertion { kind: Expr(Expression { spec_id: SpecificationId($(UUID)), id: ExpressionId(103), expr: BodyId { hir_id: HirId { owner: DefId(0:74 ~ composite[317d]::prusti_pre_item_test13_$(NUM_UUID)[0]), local_id: 19 } } }) }) }, Assertion { kind: Expr(Expression { spec_id: SpecificationId($(UUID)), id: ExpressionId(104), expr: BodyId { hir_id: HirId { owner: DefId(0:74 ~ composite[317d]::prusti_pre_item_test13_$(NUM_UUID)[0]), local_id: 30 } } }) }) }) }], posts: [] })
Procedure(ProcedureSpecification { pres: [Assertion { kind: Implies(Assertion { kind: And([Assertion { kind: Expr(Expression { spec_id: SpecificationId($(UUID)), id: ExpressionId(101), expr: BodyId { hir_id: HirId { owner: DefId(0:5 ~ composite[317d]::prusti_pre_item_test1_$(NUM_UUID)[0]), local_id: 5 } } }) }, Assertion { kind: Expr(Expression { spec_id: SpecificationId($(UUID)), id: ExpressionId(102), expr: BodyId { hir_id: HirId { owner: DefId(0:5 ~ composite[317d]::prusti_pre_item_test1_$(NUM_UUID)[0]), local_id: 12 } } }) }]) }, Assertion { kind: And([Assertion { kind: Expr(Expression { spec_id: SpecificationId($(UUID)), id: ExpressionId(103), expr: BodyId { hir_id: HirId { owner: DefId(0:5 ~ composite[317d]::prusti_pre_item_test1_$(NUM_UUID)[0]), local_id: 19 } } }) }, Assertion { kind: Expr(Expression { spec_id: SpecificationId($(UUID)), id: ExpressionId(104), expr: BodyId { hir_id: HirId { owner: DefId(0:5 ~ composite[317d]::prusti_pre_item_test1_$(NUM_UUID)[0]), local_id: 26 } } }) }]) }) }], posts: [] })
Procedure(ProcedureSpecification { pres: [Assertion { kind: Implies(Assertion { kind: And([Assertion { kind: Implies(Assertion { kind: Expr(Expression { spec_id: SpecificationId($(UUID)), id: ExpressionId(101), expr: BodyId { hir_id: HirId { owner: DefId(0:23 ~ composite[317d]::prusti_pre_item_test4_$(NUM_UUID)[0]), local_id: 5 } } }) }, Assertion { kind: Expr(Expression { spec_id: SpecificationId($(UUID)), id: ExpressionId(102), expr: BodyId { hir_id: HirId { owner: DefId(0:23 ~ composite[317d]::prusti_pre_item_test4_$(NUM_UUID)[0]), local_id: 12 } } }) }) }, Assertion { kind: Expr(Expression { spec_id: SpecificationId($(UUID)), id: ExpressionId(103), expr: BodyId { hir_id: HirId { owner: DefId(0:23 ~ composite[317d]::prusti_pre_item_test4_$(NUM_UUID)[0]), local_id: 19 } } }) }]) }, Assertion { kind: Expr(Expression { spec_id: SpecificationId($(UUID)), id: ExpressionId(104), expr: BodyId { hir_id: HirId { owner: DefId(0:23 ~ composite[317d]::prusti_pre_item_test4_$(NUM_UUID)[0]), local_id: 26 } } }) }) }], posts: [] })
Procedure(ProcedureSpecification { pres: [Assertion { kind: And([Assertion { kind: Expr(Expression { spec_id: SpecificationId($(UUID)), id: ExpressionId(101), expr: BodyId { hir_id: HirId { owner: DefId(0:11 ~ composite[317d]::prusti_pre_item_test2_$(NUM_UUID)[0]), local_id: 5 } } }) }, Assertion { kind: Implies(Assertion { kind: Expr(Expression { spec_id: SpecificationId($(UUID)), id: ExpressionId(102), expr: BodyId { hir_id: HirId { owner: DefId(0:11 ~ composite[317d]::prusti_pre_item_test2_$(NUM_UUID)[0]), local_id: 12 } } }) }, Assertion { kind: Expr(Expression { spec_id: SpecificationId($(UUID)), id: ExpressionId(103), expr: BodyId { hir_id: HirId { owner: DefId(0:11 ~ composite[317d]::prusti_pre_item_test2_$(NUM_UUID)[0]), local_id: 19 } } }) }) }, Assertion { kind: Expr(Expression { spec_id: SpecificationId($(UUID)), id: ExpressionId(104), expr: BodyId { hir_id: HirId { owner: DefId(0:11 ~ composite[317d]::prusti_pre_item_test2_$(NUM_UUID)[0]), local_id: 28 } } }) }, Assertion { kind: Expr(Expression { spec_id: SpecificationId($(UUID)), id: ExpressionId(105), expr: BodyId { hir_id: HirId { owner: DefId(0:11 ~ composite[317d]::prusti_pre_item_test2_$(NUM_UUID)[0]), local_id: 35 } } }) }]) }], posts: [] })
Procedure(ProcedureSpecification { pres: [Assertion { kind: And([Assertion { kind: Implies(Assertion { kind: Expr(Expression { spec_id: SpecificationId($(UUID)), id: ExpressionId(101), expr: BodyId { hir_id: HirId { owner: DefId(0:29 ~ composite[317d]::prusti_pre_item_test5_$(NUM_UUID)[0]), local_id: 5 } } }) }, Assertion { kind: Expr(Expression { spec_id: SpecificationId($(UUID)), id: ExpressionId(102), expr: BodyId { hir_id: HirId { owner: DefId(0:29 ~ composite[317d]::prusti_pre_item_test5_$(NUM_UUID)[0]), local_id: 12 } } }) }) }, Assertion { kind: Implies(Assertion { kind: Expr(Expression { spec_id: SpecificationId($(UUID)), id: ExpressionId(103), expr: BodyId { hir_id: HirId { owner: DefId(0:29 ~ composite[317d]::prusti_pre_item_test5_$(NUM_UUID)[0]), local_id: 19 } } }) }, Assertion { kind: And([Assertion { kind: Expr(Expression { spec_id: SpecificationId($(UUID)), id: ExpressionId(104), expr: BodyId { hir_id: HirId { owner: DefId(0:29 ~ composite[317d]::prusti_pre_item_test5_$(NUM_UUID)[0]), local_id: 26 } } }) }, Assertion { kind: Expr(Expression { spec_id: SpecificationId($(UUID)), id: ExpressionId(105), expr: BodyId { hir_id: HirId { owner: DefId(0:29 ~ composite[317d]::prusti_pre_item_test5_$(NUM_UUID)[0]), local_id: 35 } } }) }]) }) }]) }], posts: [] })
Procedure(ProcedureSpecification { pres: [Assertion { kind: Implies(Assertion { kind: And([Assertion { kind: Expr(Expression { spec_id: SpecificationId($(UUID)), id: ExpressionId(101), expr: BodyId { hir_id: HirId { owner: DefId(0:44 ~ composite[317d]::prusti_pre_item_test7_$(NUM_UUID)[0]), local_id: 5 } } }) }, Assertion { kind: Expr(Expression { spec_id: SpecificationId($(UUID)), id: ExpressionId(102), expr: BodyId { hir_id: HirId { owner: DefId(0:44 ~ composite[317d]::prusti_pre_item_test7_$(NUM_UUID)[0]), local_id: 12 } } }) }]) }, Assertion { kind: Implies(Assertion { kind: And([Assertion { kind: Expr(Expression { spec_id: SpecificationId($(UUID)), id: ExpressionId(103), expr: BodyId { hir_id: HirId { owner: DefId(0:44 ~ composite[317d]::prusti_pre_item_test7_$(NUM_UUID)[0]), local_id: 19 } } }) }, Assertion { kind: Expr(Expression { spec_id: SpecificationId($(UUID)), id: ExpressionId(104), expr: BodyId { hir_id: HirId { owner: DefId(0:44 ~ composite[317d]::prusti_pre_item_test7_$(NUM_UUID)[0]), local_id: 26 } } }) }]) }, Assertion { kind: And([Assertion { kind: Expr(Expression { spec_id: SpecificationId($(UUID)), id: ExpressionId(105), expr: BodyId { hir_id: HirId { owner: DefId(0:44 ~ composite[317d]::prusti_pre_item_test7_$(NUM_UUID)[0]), local_id: 33 } } }) }, Assertion { kind: Expr(Expression { spec_id: SpecificationId($(UUID)), id: ExpressionId(106), expr: BodyId { hir_id: HirId { owner: DefId(0:44 ~ composite[317d]::prusti_pre_item_test7_$(NUM_UUID)[0]), local_id: 40 } } }) }]) }) }) }], posts: [] })
Procedure(ProcedureSpecification { pres: [Assertion { kind: Implies(Assertion { kind: And([Assertion { kind: Expr(Expression { spec_id: SpecificationId($(UUID)), id: ExpressionId(101), expr: BodyId { hir_id: HirId { owner: DefId(0:36 ~ composite[317d]::prusti_pre_item_test6_$(NUM_UUID)[0]), local_id: 5 } } }) }, Assertion { kind: Expr(Expression { spec_id: SpecificationId($(UUID)), id: ExpressionId(102), expr: BodyId { hir_id: HirId { owner: DefId(0:36 ~ composite[317d]::prusti_pre_item_test6_$(NUM_UUID)[0]), local_id: 12 } } }) }]) }, Assertion { kind: Implies(Assertion { kind: Expr(Expression { spec_id: SpecificationId($(UUID)), id: ExpressionId(103), expr: BodyId { hir_id: HirId { owner: DefId(0:36 ~ composite[317d]::prusti_pre_item_test6_$(NUM_UUID)[0]), local_id: 19 } } }) }, Assertion { kind: Implies(Assertion { kind: Expr(Expression { spec_id: SpecificationId($(UUID)), id: ExpressionId(104), expr: BodyId { hir_id: HirId { owner: DefId(0:36 ~ composite[317d]::prusti_pre_item_test6_$(NUM_UUID)[0]), local_id: 26 } } }) }, Assertion { kind: Implies(Assertion { kind: Expr(Expression { spec_id: SpecificationId($(UUID)), id: ExpressionId(105), expr: BodyId { hir_id: HirId { owner: DefId(0:36 ~ composite[317d]::prusti_pre_item_test6_$(NUM_UUID)[0]), local_id: 33 } } }) }, Assertion { kind: Expr(Expression { spec_id: SpecificationId($(UUID)), id: ExpressionId(106), expr: BodyId { hir_id: HirId { owner: DefId(0:36 ~ composite[317d]::prusti_pre_item_test6_$(NUM_UUID)[0]), local_id: 40 } } }) }) }) }) }) }], posts: [] })
