#[prelude_import]
use std::prelude::v1::*;
#[macro_use]
extern crate std;
// compile-flags: -Zprint-desugared-specs -Zskip-verify -Zhide-uuids

fn main() { }
