// compile-flags: -Pprint_desugared_specs=true -Pprint_typeckd_specs=true -Phide_uuids=true
// normalize-stdout-test: "[a-z0-9]{32}" -> "$(NUM_UUID)"
// normalize-stdout-test: "[a-z0-9]{8}-[a-z0-9]{4}-[a-z0-9]{4}-[a-z0-9]{4}-[a-z0-9]{12}" -> "$(UUID)"








// this must pass, i.e. the evaluation must not short-circuit if a predicate
// somewhere down the call stack is false

#![feature(register_tool)]
#![register_tool(prusti)]
#[prelude_import]
use std::prelude::rust_2018::*;
#[macro_use]
extern crate std;
use prusti_contracts::*;
#[prusti::pure]
fn identity(x: i32) -> i32 { x }
#[allow(unused_must_use, unused_variables, dead_code)]
#[prusti::spec_only]
#[prusti::spec_id = "$(NUM_UUID)"]
#[prusti::assertion =
  "{/"kind/":{/"ForAll/":[{/"spec_id/":/"$(UUID)/",/"expr_id/":101,/"count/":1},{/"kind/":{/"Expr/":{/"spec_id/":/"$(UUID)/",/"expr_id/":102}}},[]]}}"]
fn prusti_pred_item_true_p_$(NUM_UUID)() {

    #[prusti::spec_only]
    #[prusti::expr_id = "$(NUM_UUID)_101"]
    |x: i32|
        {

            #[prusti::spec_only]
            #[prusti::expr_id = "$(NUM_UUID)_102"]
            || -> bool { true };
        };
}
#[allow(unused_must_use, unused_variables, dead_code)]
#[prusti::pure]
#[prusti::trusted]
#[prusti::pred_spec_id_ref = "$(NUM_UUID)"]
fn true_p() -> bool {
    ::core::panicking::panic_fmt(::core::fmt::Arguments::new_v1(&["not implemented: "],
                                                                &match (&::core::fmt::Arguments::new_v1(&["predicate"],
                                                                                                        &match ()
                                                                                                             {
                                                                                                             ()
                                                                                                             =>
                                                                                                             [],
                                                                                                         }),)
                                                                     {
                                                                     (arg0,)
                                                                     =>
                                                                     [::core::fmt::ArgumentV1::new(arg0,
                                                                                                   ::core::fmt::Display::fmt)],
                                                                 }))
}
#[allow(unused_must_use, unused_variables, dead_code)]
#[prusti::spec_only]
#[prusti::spec_id = "$(NUM_UUID)"]
#[prusti::assertion =
  "{/"kind/":{/"ForAll/":[{/"spec_id/":/"$(UUID)/",/"expr_id/":101,/"count/":1},{/"kind/":{/"Expr/":{/"spec_id/":/"$(UUID)/",/"expr_id/":102}}},[]]}}"]
fn prusti_pred_item_forall_identity_$(NUM_UUID)() {

    #[prusti::spec_only]
    #[prusti::expr_id = "$(NUM_UUID)_101"]
    |x: i32|
        {

            #[prusti::spec_only]
            #[prusti::expr_id = "$(NUM_UUID)_102"]
            || -> bool { identity(x) == x };
        };
}
#[allow(unused_must_use, unused_variables, dead_code)]
#[prusti::pure]
#[prusti::trusted]
#[prusti::pred_spec_id_ref = "$(NUM_UUID)"]
fn forall_identity() -> bool {
    ::core::panicking::panic_fmt(::core::fmt::Arguments::new_v1(&["not implemented: "],
                                                                &match (&::core::fmt::Arguments::new_v1(&["predicate"],
                                                                                                        &match ()
                                                                                                             {
                                                                                                             ()
                                                                                                             =>
                                                                                                             [],
                                                                                                         }),)
                                                                     {
                                                                     (arg0,)
                                                                     =>
                                                                     [::core::fmt::ArgumentV1::new(arg0,
                                                                                                   ::core::fmt::Display::fmt)],
                                                                 }))
}
#[allow(unused_must_use, unused_variables, dead_code)]
#[prusti::spec_only]
#[prusti::spec_id = "$(NUM_UUID)"]
#[prusti::assertion =
  "{/"kind/":{/"Expr/":{/"spec_id/":/"$(UUID)/",/"expr_id/":101}}}"]
fn prusti_pre_item_test_identity_$(NUM_UUID)() {

    #[prusti::spec_only]
    #[prusti::expr_id = "$(NUM_UUID)_101"]
    || -> bool { true_p() };
}
#[allow(unused_must_use, unused_variables, dead_code)]
#[prusti::spec_only]
#[prusti::spec_id = "$(NUM_UUID)"]
#[prusti::assertion =
  "{/"kind/":{/"Expr/":{/"spec_id/":/"$(UUID)/",/"expr_id/":101}}}"]
fn prusti_pre_item_test_identity_$(NUM_UUID)() {

    #[prusti::spec_only]
    #[prusti::expr_id = "$(NUM_UUID)_101"]
    || -> bool { forall_identity() };
}
#[prusti::pre_spec_id_ref = "$(NUM_UUID)"]
#[prusti::pre_spec_id_ref = "$(NUM_UUID)"]
fn test_identity() { }
#[allow(unused_must_use, unused_variables, dead_code)]
#[prusti::spec_only]
#[prusti::spec_id = "$(NUM_UUID)"]
#[prusti::assertion =
  "{/"kind/":{/"Expr/":{/"spec_id/":/"$(UUID)/",/"expr_id/":101}}}"]
fn prusti_pred_item_false_p_$(NUM_UUID)() {

    #[prusti::spec_only]
    #[prusti::expr_id = "$(NUM_UUID)_101"]
    || -> bool { false };
}
#[allow(unused_must_use, unused_variables, dead_code)]
#[prusti::pure]
#[prusti::trusted]
#[prusti::pred_spec_id_ref = "$(NUM_UUID)"]
fn false_p() -> bool {
    ::core::panicking::panic_fmt(::core::fmt::Arguments::new_v1(&["not implemented: "],
                                                                &match (&::core::fmt::Arguments::new_v1(&["predicate"],
                                                                                                        &match ()
                                                                                                             {
                                                                                                             ()
                                                                                                             =>
                                                                                                             [],
                                                                                                         }),)
                                                                     {
                                                                     (arg0,)
                                                                     =>
                                                                     [::core::fmt::ArgumentV1::new(arg0,
                                                                                                   ::core::fmt::Display::fmt)],
                                                                 }))
}
#[allow(unused_must_use, unused_variables, dead_code)]
#[prusti::spec_only]
#[prusti::spec_id = "$(NUM_UUID)"]
#[prusti::assertion =
  "{/"kind/":{/"Expr/":{/"spec_id/":/"$(UUID)/",/"expr_id/":101}}}"]
fn prusti_pre_item_precond_or_correctly_$(NUM_UUID)() {

    #[prusti::spec_only]
    #[prusti::expr_id = "$(NUM_UUID)_101"]
    || -> bool { false_p() || true };
}
#[prusti::pre_spec_id_ref = "$(NUM_UUID)"]
fn precond_or_correctly() -> bool { true }
fn main() { test_identity(); precond_or_correctly(); }
Procedure(ProcedureSpecification { pres: [], posts: [], pledges: [], predicate_body: None, pure: true, trusted: false })
Procedure(ProcedureSpecification { pres: [], posts: [], pledges: [], predicate_body: Some(Assertion { kind: Expr(Expression { spec_id: SpecificationId($(UUID)), id: ExpressionId(101), expr: DefId(0:20 ~ predicate[317d]::prusti_pred_item_false_p_$(NUM_UUID)::{closure#0}) }) }), pure: true, trusted: true })
Procedure(ProcedureSpecification { pres: [Assertion { kind: Expr(Expression { spec_id: SpecificationId($(UUID)), id: ExpressionId(101), expr: DefId(0:23 ~ predicate[317d]::prusti_pre_item_precond_or_correctly_$(NUM_UUID)::{closure#0}) }) }], posts: [], pledges: [], predicate_body: None, pure: false, trusted: false })
Procedure(ProcedureSpecification { pres: [], posts: [], pledges: [], predicate_body: Some(Assertion { kind: ForAll(ForAllVars { spec_id: SpecificationId($(UUID)), id: ExpressionId(101), vars: [(_2, i32)] }, TriggerSet([]), Assertion { kind: Expr(Expression { spec_id: SpecificationId($(UUID)), id: ExpressionId(102), expr: DefId(0:8 ~ predicate[317d]::prusti_pred_item_true_p_$(NUM_UUID)::{closure#0}::{closure#0}) }) }) }), pure: true, trusted: true })
Procedure(ProcedureSpecification { pres: [], posts: [], pledges: [], predicate_body: Some(Assertion { kind: ForAll(ForAllVars { spec_id: SpecificationId($(UUID)), id: ExpressionId(101), vars: [(_2, i32)] }, TriggerSet([]), Assertion { kind: Expr(Expression { spec_id: SpecificationId($(UUID)), id: ExpressionId(102), expr: DefId(0:12 ~ predicate[317d]::prusti_pred_item_forall_identity_$(NUM_UUID)::{closure#0}::{closure#0}) }) }) }), pure: true, trusted: true })
Procedure(ProcedureSpecification { pres: [Assertion { kind: Expr(Expression { spec_id: SpecificationId($(UUID)), id: ExpressionId(101), expr: DefId(0:15 ~ predicate[317d]::prusti_pre_item_test_identity_$(NUM_UUID)::{closure#0}) }) }, Assertion { kind: Expr(Expression { spec_id: SpecificationId($(UUID)), id: ExpressionId(101), expr: DefId(0:17 ~ predicate[317d]::prusti_pre_item_test_identity_$(NUM_UUID)::{closure#0}) }) }], posts: [], pledges: [], predicate_body: None, pure: false, trusted: false })
